currency_user:
  -
    id: 1
    username: "Artem"